== formal-conjectures commit: ab0addc45f699bdd0b7cc58efa5140a72f101a9e
== statement file sha256: 0344e8f930fecbbc7491856fbc292c85a33562a5f4c45d972f1d886608ce7f24
== 1. Core.lean (Mathlib only)
'A051903Core.not_conj2' depends on axioms: [propext, Classical.choice, Quot.sound]
'A051903Core.conj3_witness' depends on axioms: [propext, Classical.choice, Quot.sound]
== 2. FormalConjectures/OEIS/51903.lean (unmodified repository statement, repository options)
== 3. Solution.lean (imports the repository statement)
'OeisA51903.conjecture2_solved' depends on axioms: [propext, Classical.choice, Quot.sound]
'OeisA51903.conjecture3_solved' depends on axioms: [propext, Classical.choice, Quot.sound]
== 4. CheckAnswer.lean (answer(False) = False, answer(True) = True; statements printed)
OeisA51903.conjecture2 : True ↔ ∃ n, Odd n ∧ 1 < OeisA51903.a n ∧ ∀ (b : ℕ), b ^ n ≡ b ^ OeisA51903.a n [MOD n]
DMSolutions/OEIS_A051903/CheckAnswer.lean:12:0: warning: This file has no module docstring (`/-! ... -/`). Add one after the imports to document the file.

Note: This linter can be disabled with `set_option linter.style.moduleDocstring false`
OeisA51903.conjecture2_solved : False ↔ ∃ n, Odd n ∧ 1 < OeisA51903.a n ∧ ∀ (b : ℕ), b ^ n ≡ b ^ OeisA51903.a n [MOD n]
OeisA51903.conjecture3 : True ↔ ∃ n, Odd n ∧ 1 < OeisA51903.a n ∧ 2 ^ n ≡ 2 ^ OeisA51903.a n [MOD n]
DMSolutions/OEIS_A051903/CheckAnswer.lean:14:0: warning: This file has no module docstring (`/-! ... -/`). Add one after the imports to document the file.

Note: This linter can be disabled with `set_option linter.style.moduleDocstring false`
OeisA51903.conjecture3_solved : True ↔ ∃ n, Odd n ∧ 1 < OeisA51903.a n ∧ 2 ^ n ≡ 2 ^ OeisA51903.a n [MOD n]
DMSolutions/OEIS_A051903/CheckAnswer.lean:16:0: warning: This file has no module docstring (`/-! ... -/`). Add one after the imports to document the file.

Note: This linter can be disabled with `set_option linter.style.moduleDocstring false`
== 5. forbidden keywords (sorry/admit/native_decide/axiom):
none
== done
== exit 0, 104 s
